

Sementically checked program: 

int m;
int n;

int print_helloword(m, n)
{
if ((bool : (int : m) < (int : n)))
{
return (int : m);
}
else
{
return (int : n);
}
}

int main()
{
int x;
int y;
int z;
int this_variable;
bool u;
(int : m = (int : 18));
(int : m = (int : 9));
(int : x = (int : 2));
(int : y = (int : 14));
(int : print((int : print_helloword((int : x), (int : y)))));
(int : print((int : print_helloword((int : 3), (int : 15)))));
(int : this_variable = (int : 10));
(bool : u = (bool : true));
(int : print((int : print_helloword((int : 99), (int : 121)))));
(int : print((int : print_helloword((int : m), (int : n)))));
return (int : 0);
}

